---
source: fly-http/src/volume.rs
expression: volume
---
VolumeSer {
    id: "vol_vjeylkgg6gll7j94",
    name: "my_app_vol",
    state: "created",
    region: MachineRegion::Ams,
    size_gb: 1,
    encrypted: true,
    attached_machine_id: None,
    host_status: "ok",
    created_at: "2025-09-13T09:27:18.803Z",
    blocks: 0,
    block_size: 0,
    blocks_free: 0,
    blocks_avail: 0,
    bytes_used: 0,
    bytes_total: 0,
}
